[
    {
        "name": "Good Friday",
        "date": "1969-12-30"
    },
    {
        "name": "Easter Monday",
        "date": "1970-01-02"
    },
    {
        "name": "New Year's Day",
        "date": "2021-01-01"
    },
    {
        "name": "Early May bank holiday",
        "date": "2021-05-03"
    },
    {
        "name": "Spring bank holiday",
        "date": "2021-05-31"
    },
    {
        "name": "Summer bank holiday",
        "date": "2021-08-30"
    },
    {
        "name": "Christmas Day (substitute day)",
        "date": "2021-12-27"
    },
    {
        "name": "Boxing Day (substitute day)",
        "date": "2021-12-28"
    }
]