[
    {
        "name": "Good Friday",
        "date": "1969-12-30"
    },
    {
        "name": "Easter Monday",
        "date": "1970-01-02"
    },
    {
        "name": "New Year's Day",
        "date": "2020-01-01"
    },
    {
        "name": "Early May bank holiday (VE day)",
        "date": "2020-05-08"
    },
    {
        "name": "Spring bank holiday",
        "date": "2020-05-25"
    },
    {
        "name": "Summer bank holiday",
        "date": "2020-08-31"
    },
    {
        "name": "Christmas Day",
        "date": "2020-12-25"
    },
    {
        "name": "Boxing Day (substitute day)",
        "date": "2020-12-28"
    }
]